48050374
98249673
147836730
217334975
559759286
692467884
861491300