223234617
254808882
261927638
329996248
332896409
402939283
538820899