2617768
16347280
42415634
72878540
210259488
231591525
305267907
309978333
352119977
482010973
531167519
563368641
565976375
569736770
584347289
614208360
620817253
636296805
662596665
784826540
830814897
857772406
925573773
1015311628
1027242642
1039352737
1046892907
1065686946