8205753
35787121
63244066
67266251
74172099
95953276
113090315
121538132
183038384
184874509
211745326
218736428
228685786
234162933
243852553
269652149
300543830
305831233
324007234
324992778
338522371
350711747
360590730
404127736
423281198
425082381
427745959
429572223
431534094
476139845
476245429
485114946
519979956
535874283
544731899
552737268
563309417
571218757
587311606
593910893
601915254
609045406
756813732
762757623
766494989
779988126
785556420
800982686
801837643
809180490
829978089
837486821
852292678
898018158
904771136
913385974
929822671
941268055
943241381
961144513
961304696
970824804
972261486
980100267
982396723
1001706828
1002586114
1018930522
1028422842
1040403970
1064595851
1067393853