19848823
162332284
358470057
410124970
734371151
793035292
1000494823