13950081
14845306
25189860
42199177
52221614
76059419
88872069
97060815
113768164
121454985
131917993
143835743
163532599
165056509
173940473
183805679
184258552
191346951
200980821
209145134
220131777
241508232
242487783
245286939
275062957
278188265
283342870
284224338
311797458
335060084
365405652
376498702
404957413
469085854
472084411
474066232
485793938
499144927
506331020
530072708
593919884
618552786
618843659
637039736
649808654
671937666
682012521
706488410
711938647
739273732
754210208
884769523
937682963
941196400
998517294
1042741412
1068389340