127814155
199551765
410152494
416863872
635857043
769872272
884884531
976409510
1003394886