28984388
48749785
88127890
111074129
171906047
224087967
284093799
367740461
376314739
418085178
430044900
502487566
668544945
888025680
916424938
926832063
969493406
1023279573