136994853
161899170
251297579
261552325
546696727
555531185
884140701
950391922