16639352
41770592
44259317
63590064
100013521
121443271
122714005
166797830
199358299
204464753
220805947
230879977
244207425
255698864
264087172
282251650
288600979
294899406
370847128
421509001
439987775
444507297
445109225
515859965
525221885
527550911
533494163
557896488
603070695
627618745
628410874
638789948
641311594
647378986
647388168
659355449
660377885
726010702
732454977
816181788
850883171
872809178
913948151
924886842
948322071
953479055
959642972
960273857
980576229
990624383
997208700
1030770423
1058367299
1058665487