269109
43101213
48542060
62249090
108659200
119473514
127139534
151134164
156045143
164146174
178526104
187320323
238041234
270610805
278584103
289231360
320460319
327829523
332853613
337272568
356362048
364090525
367941848
371135811
380233435
386069911
394105586
394954572
395491160
396104296
402904792
417724962
425508873
453170964
453690327
463899788
464441477
472449630
505778397
513726268
543128080
551895871
556958016
561965085
588793053
592587812
593336634
599530905
602691437
612401160
626808821
627385493
630967200
631855326
633311166
655439451
655629978
693406321
693869712
699347791
701107381
716316828
743926130
765116001
767862909
814699210
816175997
835508712
843343008
843620291
847101611
866800061
921014134
933756374
941793117
945823332
945980624
946506791
951544920
951686779
952175400
953588868
955437532
975768961
977149909
996544556
1032958252
1044642347