269514840
609347133
692927961
847018819
1019600207