26941721
32234483
81609075
98884669
136718366
153856133
184077297
189161456
195578780
230507066
235188424
235464263
249334241
249782433
258575362
285910742
316734747
318456717
339996139
372065007
380954986
386528170
407208962
411067039
427022010
429622133
440555072
479996349
482636728
504814126
508708550
534305647
545436492
567734361
584763989
601423623
606902489
661174496
665564767
671958579
678436926
679784238
704303685
733037454
737722304
748688173
757591526
791715583
830422288
845402874
857317578
875158680
885033230
918525019
933747605
941982163
1006454703
1010800181
1052069631
1056767536