80422940
237121339
286349748
542248355
666217442
1058808998