129655428
243556362
339486637
547585020
577064600
578153567
668364157
713645089
985545411