17906269
27119711
32054636
33098590
35457196
37723344
52401640
80970484
81288729
93728050
106583514
119944255
154175330
245291710
246935187
275063475
290465822
295606078
298503329
302137901
327702058
348878206
353282612
372039186
388458313
389108890
398158381
407425316
411303465
421459950
443801397
448863019
449796361
451626532
469483155
485087031
530379263
534010662
546129364
570075552
571306445
614879339
617009647
620701529
645808871
656404154
664528786
670382581
697131570
742962634
748493421
755015302
761360863
791150070
791274470
814898275
815623651
820777042
845328752
847382367
853413582
858916111
867830627
869763267
869779153
874724536
880852849
897601676
905358889
908490122
917140122
922454240
922606180
937138569
940953670
942930489
945392967
960957671
971888666
976163583
981789343
991914755
1009695937
1011070839
1019612308
1045569596
1056890116
1067324635
1069661602
1071700435