45965200
57195164
64231225
84950065
95605523
159205425
184449949
313088848
338792563
348432704
410780282
413789445
440162916
467685012
492736644
547365598
554315721
573415422
581145882
596877156
617860570
624215566
678397966
713477988
724699384
731513354
777538725
806978420
819600679
822012312
844671580
878464346
954322359
992574271
1013940064
1065656926