666796
34318270
57372068
71379270
73751027
139048200
141760387
145788958
155805275
164241504
203479234
229465262
231153438
275557669
318115804
330995248
335683069
349213645
356893578
396117782
396417942
458855522
465126937
470868423
472510530
484847941
509468008
510625798
614095455
617434430
636890071
643312522
650370569
653953995
680672723
683535847
686940888
729746865
734107450
822761967
844324181
852034258
914928408
984277132
1004620451
1005587307
1012886292
1031805941