78005543
131725595
494213207
630434105
647422923
741660948
837467328
885914595