531115348
610279618
622261331
910855955
997072475
1051478148