13585429
41253018
60262022
110353209
129482859
143286174
158251273
166356059
167139224
188231482
195830079
225354249
253993223
259980391
273181522
300888334
301616754
317836058
321073443
332841295
339421519
352468473
357728344
359083053
374008132
379719047
394556071
417377545
423381205
442965427
451684741
451747960
461949612
465899259
504439357
523871015
537215332
541470776
571286168
582291347
587993169
598330540
599959582
611892278
634389030
640347484
643424684
648150934
649592978
681433535
702154540
704714727
707745091
718664025
725029931
747285618
774091918
774609371
788167350
811289200
823178529
829024720
830297941
832669631
839471681
869536977
870015311
884782647
902037616
924041393
933587027
941895905
993851757
1008887398
1024363374
1028203274
1033758766