34958981
38253140
70550993
87310709
87771654
112977285
160655964
259167376
263793755
264645690
265711838
278034743
304204561
361311001
421344813
433737555
439961409
440507418
441281247
489196119
523389606
525911582
540878172
542027411
550297536
562908135
580738905
594098063
613528950
653601818
654764188
691293206
728639966
730962067
748831688
756118211
797933800
826164431
832615612
881220446
898558433
910319858
918981559
981372601
1000197710
1008263670
1029006264
1033237279
1059084995