24463664
26894574
33990239
40870478
64935285
85177332
100211832
115296577
120219998
168398135
169815885
184854404
259544041
267861948
276177669
294250825
296805115
300477288
306487580
357857850
401979016
426628766
458606937
463850419
464075360
469564242
504249192
509256903
515144871
524319742
539137152
543442883
548316241
575197969
602631148
618178440
619174250
649530883
654250689
682795375
693449280
697374217
708459583
732249616
754718041
800867777
802652231
829105879
834480694
882425739
914272473
923004832
930895556
944855515
946199771
960653891
968134184
991293721
1025944725
1028972457
1038725967
1046466031
1049109853