91859
17259794
23152177
47219236
47428585
68563429
110594977
125573577
133766186
152226879
161283160
198104786
199920083
212497340
215652739
219560172
224168057
224316727
243870789
244007730
246691014
252104408
263452825
267740722
281111197
301546724
311408094
329652396
329856888
330028080
341325391
347377409
356375075
359406933
386233911
413747688
468121226
483810408
485806394
503646718
523351332
524686132
539619189
542553167
545295125
566478866
598418897
601826025
614694989
639705079
663974919
667078925
668319525
680621061
689379109
695815806
704943822
714257579
746042873
749515232
772789529
781181033
789887906
790758705
818835291
853431361
866230786
874767454
889364410
895518944
898972461
905076155
908202711
913319731
929109402
992597265
1031382266
1031800149
1038221891
1038636162
1061680745
1062514273