69660233
205735170
223139111
272163613
429954398
494961228
500201434
919200807
935635099