1862509
85016839
115632475
130645843
190267560
300951130
383504939
395348531
420664559
422401585
485262267
512220309
522804535
532769602
584036010
802578607
817670984
820537201
870660699
880258971
894005960
968164059
990717382
1015269864
1019661902
1053059536
1064673938