249612522
326841166
408214197
527251862
546620264
640928049
653433214
884281845
909587181