10540040
20705174
60292112
86094160
143153211
176270769
212306711
239282587
246692608
268151104
333675956
355071629
355479657
381957871
404973092
407865983
412099110
430025639
432317238
469745165
480909647
497625809
569814980
578838962
609392586
619294529
652618156
731567977
760182028
775406178
777594867
830039808
830112213
848726897
850178239
854098756
899075281
917289207
968081606
978984939
1045081587
1073486065