42785642
60398839
70751807
73830587
81764812
106507613
116908390
123028353
136757174
143052520
160994802
180046689
203490826
211387974
246333712
268813408
290074997
305890703
307861119
320281475
346577147
350895228
384153088
397111989
407872284
419982560
441249831
441463958
463515253
469310246
485546616
487974945
488021764
508245921
515396332
525532031
559513221
580184706
583230434
591877266
659740774
670153779
693706372
700006667
713630232
716270608
727711135
758602768
764117162
787352278
801890863
823504855
824558811
841812581
879890420
880801374
895625438
914379421
921675330
941344484
978015297
979990320
987635664
1002334398
1010875275
1011073897
1026595354
1035275259
1042881514
1051280275
1052517112
1069203311