475162072
523469798
696647034
719943903
742348043
941362867