10896155
13915890
18819252
26371081
70269494
82302004
112937831
166432270
171097079
201260466
238813611
247630221
250392798
267361074
290530948
304727617
318516155
365775619
375353102
381556851
386129053
393953401
427188665
444086258
461565531
463334724
481245339
482197446
510747111
544727057
546745587
557215472
562352380
569350641
581431854
586458393
595171503
601472429
603167530
609079258
617213688
646329427
668403799
712147546
727152478
729793159
767212074
767579752
768420075
772360184
773201030
778169635
795657732
818319105
845473156
858474191
891791615
893923166
896408674
914205408
923078198
936712359
953017138
962647671
995325335
1018446130
1025166114
1029580625
1038406945
1065505120