150269485
212799592
571456190
895408273
933166928
967187379