114158210
204709604
587232896
738467310
802598238
867402661