123000763
640709759
669654820
730260314
755910501
1023592991