75256449
120775346
320537167
461695440
533827175
678396183
906639931
1035412087
1040024641