224305320
279923003
286943392
392526710
493559751
549723029
653255439
689834004
697033990
713261528
757070119
832600222
860385780
904278204
1038660585
1053491871