153244680
176189606
221335252
236093220
277757629
320785475
419511306
439675356
566510672
628532802
653175700
655923826
801842643
821705098
877291583
947183953
953238980
973823901