83011095
321991141
382856943
482467687
497993025
677022433
724901542
814064110
816595679
831236799