6586826
28865715
39217461
57881230
94070169
96309510
100796526
136107722
170694512
186730559
205459046
214264607
219659321
245226444
253552621
257687374
258264744
281806141
297797718
299086968
304125443
306786941
319678239
337082108
348268450
373567312
377620108
388986580
432171156
437471020
452361930
458579151
474793981
502028665
509766502
522734951
527066024
529169237
530342426
560550852
571682604
625656919
625910153
634312726
635122334
647634096
652822720
663556063
683008629
683514863
726272769
741387917
754548948
805290297
807413484
807886027
813668359
836157089
874223484
894040080
918637387
940438675
942431941
945482291
979860913
985842001
1014287601
1014830588
1024828887
1032704924
1044497788
1051961930
1059514923
1065865504