781970
10168703
21299551
28114541
68563468
76404265
77962382
114604625
123008016
204022013
213595322
246818727
254028471
315574534
315604951
319282019
352801857
353402431
363317090
389846987
435085621
460285310
483290473
485727831
492925543
501468878
512270276
550199393
550659499
556787149
568875560
602112005
624036294
667695468
675391827
681045977
683051828
712836038
725266360
739394330
755998506
818226381
827598734
891468173
906342496
917258815
936152416
940863167
963968820
972144454
1016457898
1024215294
1050607357
1062326174