20741910
29357613
49015948
50481000
82336597
103387872
171462680
173841101
306569703
354441851
386358466
389252281
433961603
437112469
450761422
457589882
479927613
511675913
536804899
551722952
604672226
621240611
702294662
733712456
756818282
822211257
823116558
824750302
827767941
829463512
851566635
911284476
961472877
974277264
976366353
1055142653