21697291
67441593
97695244
110346703
116321894
126105095
136657244
136683432
170737641
174909673
175456024
177248696
195683242
213470515
216057444
235145214
238735313
246402560
251976171
299897966
345385152
355408272
360215911
399109364
437792571
467341668
498600016
507090367
510553838
538572355
572300398
572666117
612070734
620452721
672344776
708755444
729894617
745736509
747367990
766796903
768778947
774687193
788678263
829615225
833030128
836251419
860509894
876981672
880155973
908064054
944674979
960795716
963518344
1006075626
1009603070
1011115090
1030383123