4307367
7904767
43724547
103259187
220594208
263691254
305106184
322587227
443934540
471306708
483755234
488477588
520707183
607475540
633056730
663868925
685020026
788963813
799682328
805578772
808555946
814679942
844629563
876171880
886689915
908144952
933046673
964482181
988913576
1042919944
1064812394
1070144943