8594972
17015433
39008588
40689993
70598635
118974090
137210203
143166376
157968086
173064405
182536347
188147815
190891651
193787411
194172359
194497580
198940434
203084892
216066783
224902509
236180605
255246913
255944315
257546962
259818107
266536873
267072109
279611179
285889697
312869706
321382768
322017213
344628449
349310272
354947021
355975188
379389444
379765460
399858593
400246832
440108178
442844847
449637933
454331038
473190857
485456497
488761252
500007913
513665235
519730328
529729618
534022358
541536710
544866603
561706646
576502389
579908393
580450291
581866182
591189744
596099493
611843760
633722545
636187134
637495651
637767026
652914635
653086568
660618458
681980742
687322109
703998413
739419673
740796300
747502623
749748912
753441466
834324305
845648692
866312576
866897411
871518641
953381467
957354576
965593467
984644906
989177769
991512197
997286353
1014871686
1024357684
1025531856
1031667735
1032193829
1035443484
1048427774
1056277952
1058332455
1070324107