27034435
53836642
96750264
131264674
261036624
448605615
451075174
458568953
466132212
513811479
548857210
591597079
638359767
768304219
840402099
930858466
945096883
946971062
994331029
1005897537
1039497362
1057526333