178212521
287830741
362126225
516019616
536802894
592816860
891617136
935687152